#-----------------------------------------------------------
# Vivado v2022.2 (64-bit)
# SW Build 3671981 on Fri Oct 14 05:00:03 MDT 2022
# IP Build 3669848 on Fri Oct 14 08:30:02 MDT 2022
# Start of session at: Wed May  3 11:12:06 2023
# Process ID: 7544
# Current directory: C:/Users/jehli/digital-electronics-1-projekt/morse_encoder_decoder
# Command line: vivado.exe -gui_launcher_event rodinguilauncherevent6208 C:\Users\jehli\digital-electronics-1-projekt\morse_encoder_decoder\morse_encoder_decoder.xpr
# Log file: C:/Users/jehli/digital-electronics-1-projekt/morse_encoder_decoder/vivado.log
# Journal file: C:/Users/jehli/digital-electronics-1-projekt/morse_encoder_decoder\vivado.jou
# Running On: ACER-Max, OS: Windows, CPU Frequency: 2419 MHz, CPU Physical cores: 4, Host memory: 16965 MB
#-----------------------------------------------------------
start_gui
open_project C:/Users/jehli/digital-electronics-1-projekt/morse_encoder_decoder/morse_encoder_decoder.xpr
update_compile_order -fileset sources_1
# Disabling source management mode.  This is to allow the top design properties to be set without GUI intervention.
set_property source_mgmt_mode None [current_project]
set_property top encoder [current_fileset]
# Re-enabling previously disabled source management mode.
set_property source_mgmt_mode All [current_project]
update_compile_order -fileset sources_1
launch_simulation
source tb_encoder.tcl
close_sim
launch_simulation
source tb_encoder.tcl
close_sim
launch_simulation
source tb_encoder.tcl
set_property -name {xsim.simulate.runtime} -value {15s} -objects [get_filesets sim_1]
set_property dataflow_viewer_settings "min_width=16"   [current_fileset]
close_sim
launch_simulation
source tb_encoder.tcl
close_sim
launch_simulation
source tb_encoder.tcl
close_sim
launch_simulation
source tb_encoder.tcl
close_sim
launch_simulation
source tb_encoder.tcl
close_sim
launch_simulation
source tb_encoder.tcl
close_sim
launch_simulation
source tb_encoder.tcl
close_sim
launch_simulation
source tb_encoder.tcl
close_sim
launch_simulation
source tb_encoder.tcl
close_sim
launch_simulation
source tb_encoder.tcl
close_sim
launch_simulation
source tb_encoder.tcl
close_sim
launch_simulation
source tb_encoder.tcl
close_sim
launch_simulation
source tb_encoder.tcl
close_sim
launch_simulation
source tb_encoder.tcl
close_sim
launch_simulation
source tb_encoder.tcl
close_sim
launch_simulation
source tb_encoder.tcl
close_sim
launch_simulation
source tb_encoder.tcl
close_sim
launch_simulation
source tb_encoder.tcl
close_sim
launch_simulation
source tb_encoder.tcl
close_sim
launch_simulation
source tb_encoder.tcl
update_compile_order -fileset sources_1
close_sim
launch_simulation
launch_simulation
source tb_encoder.tcl
update_compile_order -fileset sources_1
set_property -name {xsim.simulate.runtime} -value {20s} -objects [get_filesets sim_1]
close_sim
launch_simulation
source tb_encoder.tcl
close_sim
launch_simulation
source tb_encoder.tcl
close_sim
launch_simulation
source tb_encoder.tcl
close_sim
launch_simulation
source tb_encoder.tcl
close_sim
launch_simulation
source tb_encoder.tcl
close_sim
launch_simulation
source tb_encoder.tcl
close_sim
launch_simulation
source tb_encoder.tcl
close_sim
launch_simulation
source tb_encoder.tcl
close_sim
launch_simulation
source tb_encoder.tcl
close_sim
launch_simulation
source tb_encoder.tcl
close_sim
launch_simulation
source tb_encoder.tcl
close_sim
launch_simulation
source tb_encoder.tcl
reset_run synth_1
launch_runs impl_1 -jobs 4
wait_on_run impl_1
open_run impl_1
