#-----------------------------------------------------------
# Webtalk v2020.2 (64-bit)
# SW Build 3064766 on Wed Nov 18 09:12:45 MST 2020
# IP Build 3064653 on Wed Nov 18 14:17:31 MST 2020
# Start of session at: Wed Apr 19 16:04:51 2023
# Process ID: 11572
# Current directory: C:/Users/xceles00/Documents/digital-electronics-1-projekt/morse_encoder_decoder/morse_encoder_decoder.sim/sim_1/behav/xsim
# Command line: wbtcv.exe -mode batch -source C:/Users/xceles00/Documents/digital-electronics-1-projekt/morse_encoder_decoder/morse_encoder_decoder.sim/sim_1/behav/xsim/xsim.dir/tb_encoder_behav/webtalk/xsim_webtalk.tcl -notrace
# Log file: C:/Users/xceles00/Documents/digital-electronics-1-projekt/morse_encoder_decoder/morse_encoder_decoder.sim/sim_1/behav/xsim/webtalk.log
# Journal file: C:/Users/xceles00/Documents/digital-electronics-1-projekt/morse_encoder_decoder/morse_encoder_decoder.sim/sim_1/behav/xsim\webtalk.jou
#-----------------------------------------------------------
source C:/Users/xceles00/Documents/digital-electronics-1-projekt/morse_encoder_decoder/morse_encoder_decoder.sim/sim_1/behav/xsim/xsim.dir/tb_encoder_behav/webtalk/xsim_webtalk.tcl -notrace
